<html>
<body>
<pre>
<h1>礦ision Build Log</h1>
<h2>Tool Versions:</h2>
IDE-Version: μVision V5.18a
Copyright (C) 2016 ARM Ltd and ARM Germany GmbH. All rights reserved.
License Information: L jiangpin, zju, LIC=----
 
Tool Versions:
Toolchain:       MDK-Lite  Version: 5.18a
Toolchain Path:  D:\Keil\ARM\ARMCC\Bin
C Compiler:      Armcc.exe V5.06 update 1 (build 61)
Assembler:       Armasm.exe V5.06 update 1 (build 61)
Linker/Locator:  ArmLink.exe V5.06 update 1 (build 61)
Library Manager: ArmAr.exe V5.06 update 1 (build 61)
Hex Converter:   FromElf.exe V5.06 update 1 (build 61)
CPU DLL:         
Dialog DLL:      
Target DLL:      Segger\JL2CM3.dll V2.99.19.0
Dialog DLL:      TCM.DLL V1.14.8.0
 
<h2>Project:</h2>
D:\桌面仓库\srtp\nrf52832EK增强版4.x\5.青云测试代码\自建\BloodOxygenTesting\examples\peripheral\spi\pca10040\blank\arm5_no_packs\spi_pca10040.uvprojx
Project File Date:  06/30/2020

<h2>Output:</h2>
*** Using Compiler 'V5.06 update 1 (build 61)', folder: 'D:\Keil\ARM\ARMCC\Bin'
Build target 'nrf52832_xxaa'
compiling app_uart_fifo.c...
compiling main.c...
..\..\..\main.c(222): warning:  #177-D: function "gpio_init" was declared but never referenced
  static void gpio_init(void)
..\..\..\main.c: 1 warning, 0 errors
linking...
.\_build\nrf52832_xxaa.axf: Warning: L6304W: Duplicate input file .\_build\app_uart_fifo_1.o ignored.
Program Size: Code=14808 RO-data=860 RW-data=320 ZI-data=10512  
Finished: 0 information, 1 warning and 0 error messages.
FromELF: creating hex file...
".\_build\nrf52832_xxaa.axf" - 0 Error(s), 2 Warning(s).

<h2>Software Packages used:</h2>

Package Vendor: ARM
                http://www.keil.com/pack/ARM.CMSIS.4.5.0.pack
                ARM::CMSIS:CORE:4.3.0
                CMSIS (Cortex Microcontroller Software Interface Standard)
   * Component: CORE Version: 4.3.0

<h2>Collection of Component include folders:</h2>
  D:\桌面仓库\srtp\nrf52832EK增强版4.x\5.青云测试代码\自建\BloodOxygenTesting\examples\peripheral\spi\pca10040\blank\arm5_no_packs\RTE
  D:\Keil\ARM\PACK\ARM\CMSIS\4.5.0\CMSIS\Include
  D:\Keil\ARM\PACK\NordicSemiconductor\nRF_DeviceFamilyPack\8.17.0\Device\Include

<h2>Collection of Component Files used:</h2>

   * Component: ARM::CMSIS:CORE:4.3.0
Build Time Elapsed:  00:00:03
</pre>
</body>
</html>
