<html>
<body>
<pre>
<h1>礦ision Build Log</h1>
<h2>Tool Versions:</h2>
IDE-Version: μVision V5.18a
Copyright (C) 2016 ARM Ltd and ARM Germany GmbH. All rights reserved.
License Information: aaa Zavier, aaa, LIC=----
 
Tool Versions:
Toolchain:       MDK-Lite  Version: 5.18a
Toolchain Path:  D:\software\keil_5\ARM\ARMCC\Bin
C Compiler:      Armcc.exe V5.06 update 1 (build 61)
Assembler:       Armasm.exe V5.06 update 1 (build 61)
Linker/Locator:  ArmLink.exe V5.06 update 1 (build 61)
Library Manager: ArmAr.exe V5.06 update 1 (build 61)
Hex Converter:   FromElf.exe V5.06 update 1 (build 61)
CPU DLL:         
Dialog DLL:      
Target DLL:      Segger\JL2CM3.dll V2.99.19.0
Dialog DLL:      TCM.DLL V1.14.8.0
 
<h2>Project:</h2>
D:\zju\study\04_大二下\SRTP\数据采集\单片机部分\BloodOxygenTesting_3.7\examples\ble_peripheral\ble_app_uart\pca10040\s132\arm4\ble_app_uart_s132_pca10040.uvprojx
Project File Date:  04/04/2021

<h2>Output:</h2>
*** Using Compiler 'V5.06 update 1 (build 61)', folder: 'D:\software\keil_5\ARM\ARMCC\Bin'
Build target 'nrf52832_xxaa_s132'
compiling spo2_test.c...
..\..\..\..\..\..\drive\spo2_test.c(56): warning:  #177-D: variable "num" was declared but never referenced
  	u8 num = 0;
..\..\..\..\..\..\drive\spo2_test.c(57): warning:  #177-D: variable "list" was declared but never referenced
  	u8 list[15] = {4,5,6,7,7,6,6,5,5,4,4,3,3,2,2};
..\..\..\..\..\..\drive\spo2_test.c(58): warning:  #550-D: variable "pre_draw_id" was set but never used
  	static uint16_t pre_draw_id = 0;
..\..\..\..\..\..\drive\spo2_test.c: 3 warnings, 0 errors
linking...
Program Size: Code=17832 RO-data=3840 RW-data=1232 ZI-data=24552  
FromELF: creating hex file...
".\_build\nrf52832_xxaa_s132.axf" - 0 Error(s), 3 Warning(s).

<h2>Collection of Component include folders:</h2>
  D:\zju\study\04_大二下\SRTP\数据采集\单片机部分\BloodOxygenTesting_3.7\examples\ble_peripheral\ble_app_uart\pca10040\s132\arm4\RTE
  D:\software\keil_5\ARM\PACK\NordicSemiconductor\nRF_DeviceFamilyPack\8.38.0\Device\Include

<h2>Collection of Component Files used:</h2>
Build Time Elapsed:  00:00:02
</pre>
</body>
</html>
